// Jest Snapshot v1, https://goo.gl/fbAQLP

exports[`AddTodo Snapshot 1`] = `
<View
  style={
    Object {
      "flex": 1,
    }
  }
>
  <RCTSafeAreaView
    emulateUnlessSupported={true}
    style={
      Object {
        "flex": 1,
      }
    }
  >
    <View
      appearance="default"
      level="1"
      style={
        Array [
          Object {
            "backgroundColor": "#FFFFFF",
          },
          Object {
            "flexDirection": "row",
            "padding": 10,
          },
        ]
      }
    >
      <View
        accessible={true}
        focusable={true}
        onClick={[Function]}
        onResponderGrant={[Function]}
        onResponderMove={[Function]}
        onResponderRelease={[Function]}
        onResponderTerminate={[Function]}
        onResponderTerminationRequest={[Function]}
        onStartShouldSetResponder={[Function]}
        style={
          Object {
            "flex": 1,
            "opacity": 1,
          }
        }
      >
        <View
          style={
            Array [
              Object {
                "backgroundColor": "#F7F9FC",
                "borderColor": "#E4E9F2",
                "borderRadius": 4,
                "borderWidth": 1,
                "minHeight": 48,
                "paddingHorizontal": 8,
                "paddingVertical": 11,
              },
              Object {
                "alignItems": "center",
                "flexDirection": "row",
                "width": "100%",
              },
            ]
          }
        >
          <TextInput
            allowFontScaling={true}
            appearance="default"
            editable={true}
            onBlur={[Function]}
            onChangeText={[Function]}
            onFocus={[Function]}
            onMouseEnter={[Function]}
            onMouseLeave={[Function]}
            onSubmitEditing={[Function]}
            placeholder="Add a todo..."
            placeholderTextColor="#8F9BB3"
            rejectResponderTermination={true}
            size="large"
            status="basic"
            style={
              Array [
                Object {
                  "color": "#222B45",
                  "fontFamily": "System",
                  "fontSize": 15,
                  "fontWeight": "normal",
                  "marginHorizontal": 8,
                },
                Object {
                  "flexBasis": "auto",
                  "flexGrow": 1,
                  "flexShrink": 1,
                },
                null,
                undefined,
              ]
            }
            testID="todoInput"
            underlineColorAndroid="transparent"
            value=""
          />
        </View>
      </View>
      <View
        accessible={true}
        focusable={true}
        onClick={[Function]}
        onResponderGrant={[Function]}
        onResponderMove={[Function]}
        onResponderRelease={[Function]}
        onResponderTerminate={[Function]}
        onResponderTerminationRequest={[Function]}
        onStartShouldSetResponder={[Function]}
        style={
          Object {
            "alignItems": "center",
            "backgroundColor": "#3366FF",
            "borderColor": "#3366FF",
            "borderRadius": 4,
            "borderWidth": 1,
            "flexDirection": "row",
            "justifyContent": "center",
            "marginLeft": 10,
            "minHeight": 40,
            "minWidth": 40,
            "opacity": 1,
            "paddingHorizontal": 10,
            "paddingVertical": 12,
          }
        }
        testID="addButton"
      >
        <Text
          appearance="default"
          category="p1"
          style={
            Array [
              Object {
                "color": "#222B45",
                "fontFamily": "System",
                "fontSize": 15,
                "fontWeight": "400",
              },
              Object {
                "color": "#FFFFFF",
                "fontFamily": "System",
                "fontSize": 14,
                "fontWeight": "bold",
                "marginHorizontal": 10,
              },
            ]
          }
        >
          +
        </Text>
      </View>
    </View>
  </RCTSafeAreaView>
</View>
`;
