// Jest Snapshot v1, https://goo.gl/fbAQLP

exports[`TodoList TodoList 1`] = `
<View
  style={
    Object {
      "flex": 1,
    }
  }
>
  <RCTSafeAreaView
    emulateUnlessSupported={true}
    style={
      Object {
        "flex": 1,
      }
    }
  >
    <RCTScrollView
      ItemSeparatorComponent={
        Object {
          "$$typeof": Symbol(react.forward_ref),
          "render": [Function],
        }
      }
      appearance="default"
      data={
        Array [
          Object {
            "description": "Sample 1",
            "done": false,
            "id": "1",
          },
          Object {
            "description": "Sample 2",
            "done": false,
            "id": "2",
          },
          Object {
            "description": "Sample 3",
            "done": false,
            "id": "3",
          },
        ]
      }
      disableVirtualization={false}
      getItem={[Function]}
      getItemCount={[Function]}
      horizontal={false}
      initialNumToRender={10}
      keyExtractor={[Function]}
      maxToRenderPerBatch={10}
      onContentSizeChange={[Function]}
      onEndReachedThreshold={2}
      onLayout={[Function]}
      onMomentumScrollEnd={[Function]}
      onScroll={[Function]}
      onScrollBeginDrag={[Function]}
      onScrollEndDrag={[Function]}
      removeClippedSubviews={false}
      renderItem={[Function]}
      scrollEventThrottle={50}
      stickyHeaderIndices={Array []}
      style={
        Array [
          Object {
            "backgroundColor": "#F7F9FC",
          },
          Object {
            "flex": 1,
          },
        ]
      }
      updateCellsBatchingPeriod={50}
      viewabilityConfigCallbackPairs={Array []}
      windowSize={21}
    >
      <View>
        <View
          onLayout={[Function]}
          style={null}
        >
          <View
            accessible={true}
            focusable={false}
            onClick={[Function]}
            onResponderGrant={[Function]}
            onResponderMove={[Function]}
            onResponderRelease={[Function]}
            onResponderTerminate={[Function]}
            onResponderTerminationRequest={[Function]}
            onStartShouldSetResponder={[Function]}
            style={
              Object {
                "alignItems": "center",
                "backgroundColor": "#FFFFFF",
                "flexDirection": "row",
                "opacity": 1,
                "paddingHorizontal": 8,
                "paddingVertical": 12,
              }
            }
            testID="todoItem"
          >
            <View
              style={
                Object {
                  "flex": 1,
                }
              }
            >
              <Text
                appearance="default"
                category="p1"
                style={
                  Array [
                    Object {
                      "color": "#222B45",
                      "fontFamily": "System",
                      "fontSize": 15,
                      "fontWeight": "400",
                    },
                    Array [
                      false,
                    ],
                  ]
                }
              >
                Sample 1
              </Text>
            </View>
            <View
              accessible={true}
              focusable={true}
              onClick={[Function]}
              onResponderGrant={[Function]}
              onResponderMove={[Function]}
              onResponderRelease={[Function]}
              onResponderTerminate={[Function]}
              onResponderTerminationRequest={[Function]}
              onStartShouldSetResponder={[Function]}
              style={
                Object {
                  "opacity": 1,
                }
              }
              testID="toggleDone"
            >
              <View
                style={
                  Object {
                    "transform": Array [
                      Object {
                        "scale": 1,
                      },
                    ],
                  }
                }
              >
                <RNSVGSvgView
                  align="xMidYMid"
                  bbHeight={24}
                  bbWidth={24}
                  fill="#8F9BB3"
                  focusable={false}
                  meetOrSlice={0}
                  minX={0}
                  minY={0}
                  style={
                    Array [
                      Object {
                        "backgroundColor": "transparent",
                        "borderWidth": 0,
                      },
                      Array [
                        Object {
                          "height": 24,
                          "marginHorizontal": 8,
                          "tintColor": "#8F9BB3",
                          "width": 24,
                        },
                        Object {
                          "margin": 0,
                        },
                      ],
                      Object {
                        "flex": 0,
                        "height": 24,
                        "width": 24,
                      },
                    ]
                  }
                  vbHeight={24}
                  vbWidth={24}
                >
                  <RNSVGGroup
                    fill={4287601587}
                    propList={
                      Array [
                        "fill",
                      ]
                    }
                  >
                    <RNSVGGroup>
                      <RNSVGGroup>
                        <RNSVGRect
                          height="24"
                          opacity={0}
                          width="24"
                          x={0}
                          y={0}
                        />
                        <RNSVGPath
                          d="M18 21H6a3 3 0 0 1-3-3V6a3 3 0 0 1 3-3h12a3 3 0 0 1 3 3v12a3 3 0 0 1-3 3zM6 5a1 1 0 0 0-1 1v12a1 1 0 0 0 1 1h12a1 1 0 0 0 1-1V6a1 1 0 0 0-1-1z"
                        />
                      </RNSVGGroup>
                    </RNSVGGroup>
                  </RNSVGGroup>
                </RNSVGSvgView>
              </View>
            </View>
          </View>
          <View
            appearance="default"
            highlighted={false}
            leadingItem={
              Object {
                "description": "Sample 1",
                "done": false,
                "id": "1",
              }
            }
            style={
              Array [
                Object {
                  "backgroundColor": "#EDF1F7",
                  "height": 1,
                },
                undefined,
              ]
            }
          />
        </View>
        <View
          onLayout={[Function]}
          style={null}
        >
          <View
            accessible={true}
            focusable={false}
            onClick={[Function]}
            onResponderGrant={[Function]}
            onResponderMove={[Function]}
            onResponderRelease={[Function]}
            onResponderTerminate={[Function]}
            onResponderTerminationRequest={[Function]}
            onStartShouldSetResponder={[Function]}
            style={
              Object {
                "alignItems": "center",
                "backgroundColor": "#FFFFFF",
                "flexDirection": "row",
                "opacity": 1,
                "paddingHorizontal": 8,
                "paddingVertical": 12,
              }
            }
            testID="todoItem"
          >
            <View
              style={
                Object {
                  "flex": 1,
                }
              }
            >
              <Text
                appearance="default"
                category="p1"
                style={
                  Array [
                    Object {
                      "color": "#222B45",
                      "fontFamily": "System",
                      "fontSize": 15,
                      "fontWeight": "400",
                    },
                    Array [
                      false,
                    ],
                  ]
                }
              >
                Sample 2
              </Text>
            </View>
            <View
              accessible={true}
              focusable={true}
              onClick={[Function]}
              onResponderGrant={[Function]}
              onResponderMove={[Function]}
              onResponderRelease={[Function]}
              onResponderTerminate={[Function]}
              onResponderTerminationRequest={[Function]}
              onStartShouldSetResponder={[Function]}
              style={
                Object {
                  "opacity": 1,
                }
              }
              testID="toggleDone"
            >
              <View
                style={
                  Object {
                    "transform": Array [
                      Object {
                        "scale": 1,
                      },
                    ],
                  }
                }
              >
                <RNSVGSvgView
                  align="xMidYMid"
                  bbHeight={24}
                  bbWidth={24}
                  fill="#8F9BB3"
                  focusable={false}
                  meetOrSlice={0}
                  minX={0}
                  minY={0}
                  style={
                    Array [
                      Object {
                        "backgroundColor": "transparent",
                        "borderWidth": 0,
                      },
                      Array [
                        Object {
                          "height": 24,
                          "marginHorizontal": 8,
                          "tintColor": "#8F9BB3",
                          "width": 24,
                        },
                        Object {
                          "margin": 0,
                        },
                      ],
                      Object {
                        "flex": 0,
                        "height": 24,
                        "width": 24,
                      },
                    ]
                  }
                  vbHeight={24}
                  vbWidth={24}
                >
                  <RNSVGGroup
                    fill={4287601587}
                    propList={
                      Array [
                        "fill",
                      ]
                    }
                  >
                    <RNSVGGroup>
                      <RNSVGGroup>
                        <RNSVGRect
                          height="24"
                          opacity={0}
                          width="24"
                          x={0}
                          y={0}
                        />
                        <RNSVGPath
                          d="M18 21H6a3 3 0 0 1-3-3V6a3 3 0 0 1 3-3h12a3 3 0 0 1 3 3v12a3 3 0 0 1-3 3zM6 5a1 1 0 0 0-1 1v12a1 1 0 0 0 1 1h12a1 1 0 0 0 1-1V6a1 1 0 0 0-1-1z"
                        />
                      </RNSVGGroup>
                    </RNSVGGroup>
                  </RNSVGGroup>
                </RNSVGSvgView>
              </View>
            </View>
          </View>
          <View
            appearance="default"
            highlighted={false}
            leadingItem={
              Object {
                "description": "Sample 2",
                "done": false,
                "id": "2",
              }
            }
            style={
              Array [
                Object {
                  "backgroundColor": "#EDF1F7",
                  "height": 1,
                },
                undefined,
              ]
            }
          />
        </View>
        <View
          onLayout={[Function]}
          style={null}
        >
          <View
            accessible={true}
            focusable={false}
            onClick={[Function]}
            onResponderGrant={[Function]}
            onResponderMove={[Function]}
            onResponderRelease={[Function]}
            onResponderTerminate={[Function]}
            onResponderTerminationRequest={[Function]}
            onStartShouldSetResponder={[Function]}
            style={
              Object {
                "alignItems": "center",
                "backgroundColor": "#FFFFFF",
                "flexDirection": "row",
                "opacity": 1,
                "paddingHorizontal": 8,
                "paddingVertical": 12,
              }
            }
            testID="todoItem"
          >
            <View
              style={
                Object {
                  "flex": 1,
                }
              }
            >
              <Text
                appearance="default"
                category="p1"
                style={
                  Array [
                    Object {
                      "color": "#222B45",
                      "fontFamily": "System",
                      "fontSize": 15,
                      "fontWeight": "400",
                    },
                    Array [
                      false,
                    ],
                  ]
                }
              >
                Sample 3
              </Text>
            </View>
            <View
              accessible={true}
              focusable={true}
              onClick={[Function]}
              onResponderGrant={[Function]}
              onResponderMove={[Function]}
              onResponderRelease={[Function]}
              onResponderTerminate={[Function]}
              onResponderTerminationRequest={[Function]}
              onStartShouldSetResponder={[Function]}
              style={
                Object {
                  "opacity": 1,
                }
              }
              testID="toggleDone"
            >
              <View
                style={
                  Object {
                    "transform": Array [
                      Object {
                        "scale": 1,
                      },
                    ],
                  }
                }
              >
                <RNSVGSvgView
                  align="xMidYMid"
                  bbHeight={24}
                  bbWidth={24}
                  fill="#8F9BB3"
                  focusable={false}
                  meetOrSlice={0}
                  minX={0}
                  minY={0}
                  style={
                    Array [
                      Object {
                        "backgroundColor": "transparent",
                        "borderWidth": 0,
                      },
                      Array [
                        Object {
                          "height": 24,
                          "marginHorizontal": 8,
                          "tintColor": "#8F9BB3",
                          "width": 24,
                        },
                        Object {
                          "margin": 0,
                        },
                      ],
                      Object {
                        "flex": 0,
                        "height": 24,
                        "width": 24,
                      },
                    ]
                  }
                  vbHeight={24}
                  vbWidth={24}
                >
                  <RNSVGGroup
                    fill={4287601587}
                    propList={
                      Array [
                        "fill",
                      ]
                    }
                  >
                    <RNSVGGroup>
                      <RNSVGGroup>
                        <RNSVGRect
                          height="24"
                          opacity={0}
                          width="24"
                          x={0}
                          y={0}
                        />
                        <RNSVGPath
                          d="M18 21H6a3 3 0 0 1-3-3V6a3 3 0 0 1 3-3h12a3 3 0 0 1 3 3v12a3 3 0 0 1-3 3zM6 5a1 1 0 0 0-1 1v12a1 1 0 0 0 1 1h12a1 1 0 0 0 1-1V6a1 1 0 0 0-1-1z"
                        />
                      </RNSVGGroup>
                    </RNSVGGroup>
                  </RNSVGGroup>
                </RNSVGSvgView>
              </View>
            </View>
          </View>
        </View>
      </View>
    </RCTScrollView>
  </RCTSafeAreaView>
</View>
`;
